# Fixture REELLE : extraite d'un rapport report_utilization de Vivado v2025.2 (lin64).
# Design : compteur 24 bits + 4 LED, partie xc7z020clg400-1. Entete (date/host/chemins) retiree.

+-------------------------+------+-------+------------+-----------+-------+
|        Site Type        | Used | Fixed | Prohibited | Available | Util% |
+-------------------------+------+-------+------------+-----------+-------+
| Slice LUTs*             |    1 |     0 |          0 |     53200 | <0.01 |
|   LUT as Logic          |    1 |     0 |          0 |     53200 | <0.01 |
|   LUT as Memory         |    0 |     0 |          0 |     17400 |  0.00 |
| Slice Registers         |   24 |     0 |          0 |    106400 |  0.02 |
|   Register as Flip Flop |   24 |     0 |          0 |    106400 |  0.02 |
|   Register as Latch     |    0 |     0 |          0 |    106400 |  0.00 |
| F7 Muxes                |    0 |     0 |          0 |     26600 |  0.00 |
| F8 Muxes                |    0 |     0 |          0 |     13300 |  0.00 |
| Unique Control Sets     |    1 |       |          0 |     13300 | <0.01 |
+-------------------------+------+-------+------------+-----------+-------+
* Warning! The Final LUT count, after physical optimizations and full implementation, is typically lower. Run opt_design after synthesis, if not already completed, for a more realistic count.
Warning! LUT value is adjusted to account for LUT combining.
Warning! For any ECO changes, please run place_design if there are unplaced instances
** Note: Available Control Sets calculated as Slice * 1, Review the Control Sets Report for more information regarding control sets.


1.1 Summary of Registers by Type
--------------------------------

+-------+--------------+-------------+--------------+
| Total | Clock Enable | Synchronous | Asynchronous |
+-------+--------------+-------------+--------------+
| 0     |            _ |           - |            - |
| 0     |            _ |           - |          Set |
| 0     |            _ |           - |        Reset |
| 0     |            _ |         Set |            - |
| 0     |            _ |       Reset |            - |
| 0     |          Yes |           - |            - |
| 0     |          Yes |           - |          Set |
| 0     |          Yes |           - |        Reset |
| 0     |          Yes |         Set |            - |
| 24    |          Yes |       Reset |            - |
+-------+--------------+-------------+--------------+
